// Jest Snapshot v1, https://goo.gl/fbAQLP

exports[`Must display all child components with correct CSS classes 1`] = `
<div
  className="sc-AxmLO hDkEpL"
>
  <p
    className="loading-message"
  >
    Loading data...
  </p>
  <div
    className="sc-fzozJi dsoZvX"
  >
    <div>
      <p
        className="loading-text"
      >
        Loading albums...
      </p>
    </div>
  </div>
  <div />
</div>
`;
